// Jest Snapshot v1, https://goo.gl/fbAQLP

exports[`CartLink Component renders without crashing 1`] = `
<div
  className="row"
>
  <div
    className="col-xs-2 col-xs-offset-10"
  >
    <div
      className="cartLink"
    >
      <a
        href="/cart"
        onClick={[Function]}
      >
        (
        0
        )Cart
      </a>
    </div>
  </div>
</div>
`;
